
> chromatic@1.0.0 build-storybook
> storybook build --output-dir=/private/var/folders/80/f_1fpxtn2pv7glckmn9vs7r80000gn/T/chromatic--39289-b3a7xat6wO21


[90m┌[39m  Building storybook v10.5.7
[90m│[39m
[32m◇[39m  Cleaning outputDir:
[90m│[39m  [36m../../../../../private/var/folders/80/f_1fpxtn2pv7glckmn9vs7r80000gn/T/chromatic--39289-b3a7xat6wO21[39m
[90m│[39m
[32m◇[39m  Loading presets
[90m│[39m
[32m◇[39m  Building manager..
[90m│[39m
[34m●[39m  Building open services..
[90m│[39m
[34m●[39m  Building preview..
[90m│[39m  [43mVite[49m [36mvite v8.2.1 [32mbuilding client environment for production...[36m[39m
[2Ktransforming...✓ 23 modules transformed.
rendering chunks...
computing gzip size...
[90m│[39m  [43mVite[49m
[90m│[39m  ../../../../../private/var/folders/80/f_1fpxtn2pv7glckmn9vs7r80000gn/T/chromatic--39289-b3a7xat6wO21/iframe.html
[90m│[39m  18.65 kB │ gzip:   5.19 kB
[90m│[39m  ../../../../../private/var/folders/80/f_1fpxtn2pv7glckmn9vs7r80000gn/T/chromatic--39289-b3a7xat6wO21/assets/rolldown-runtime-Dh6celcD.js
[90m│[39m  0.62 kB │ gzip:   0.41 kB
[90m│[39m  ../../../../../private/var/folders/80/f_1fpxtn2pv7glckmn9vs7r80000gn/T/chromatic--39289-b3a7xat6wO21/assets/button.stories-Dkc2bTaf.js
[90m│[39m  1.17 kB │ gzip:   0.54 kB
[90m│[39m  ../../../../../private/var/folders/80/f_1fpxtn2pv7glckmn9vs7r80000gn/T/chromatic--39289-b3a7xat6wO21/assets/iframe-BHLAeaGw.js
[90m│[39m  856.16 kB │ gzip: 239.51 kB

[90m│[39m  [43mVite[49m [32m✓ built in 274ms[39m
[90m│[39m
[33m▲[39m  [43mVite[49m [33m[plugin builtin:vite-reporter]
[90m│[39m  (!) Some chunks are larger than 500 kB after minification. Consider:
[90m│[39m  - Using dynamic import() to code-split the application
[90m│[39m  - Use build.rolldownOptions.output.codeSplitting to improve chunking:
[90m│[39m  https://rolldown.rs/reference/OutputOptions.codeSplitting
[90m│[39m  - Adjust chunk size limit for this warning via
[90m│[39m  build.chunkSizeWarningLimit.[39m
[90m│[39m
[32m◇[39m  Output directory:
[90m│[39m  /private/var/folders/80/f_1fpxtn2pv7glckmn9vs7r80000gn/T/chromatic--39289-b3a7xat6wO21
[90m│[39m
[90m└[39m  Storybook build completed successfully

